[1/146] NO CAPTION -> whisper | Анатолий Зенченко - методика Ишвара Йога. Класс 1/ Часть 3
[2/146] OK NWqVybMjxzA (16989 chars, 1318ev) | Анатолий Зенченко - методика Ишвара Йога. Класс 1/ Часть 1
[3/146] OK IvacUhObR2Y (12706 chars, 1222ev) | Анатолий Зенченко - методика Ишвара Йога. Класс 1/ Часть 2
[4/146] OK 5EJBE6Q8SIs (12738 chars, 744ev) | Уддияна бандха. Анатолий Зенченко. Ишвара йога.
[5/146] PLACEHOLDER (1ev) -> whisper | Подвздошно поясничная мышца. Подробный разбор. Анатолий Зенченко
[6/146] NO CAPTION -> whisper | Анатолий Зенченко. Семинар под Киевом. Зачем нужны базовые асаны и что такое джаландхара бандха.
[7/146] PLACEHOLDER (1ev) -> whisper | Анатолий Зенченко. Open Air 2015. Киев. Практика
[8/146] OK vMlfzDD3ipU (8414 chars, 498ev) | Мула бандха. Анатолий Зенченко. Ишвара йога.
[9/146] PLACEHOLDER (1ev) -> whisper | Анатолий Зенченко. Open Air 2015. Киев. Теория
[10/146] NO CAPTION -> whisper | Ішвара йога. Анатолій Зенченко. Основи йоги.  Питання для початківця
[11/146] OK 67ylT9AWAs0 (4939 chars, 308ev) | Ишвара йога. Анатолий Зенченко. О йоге с маленькой и большой буквы
[12/146] OK iq7BdhATo5I (3854 chars, 58ev) | Что дает Капалабхати? Анатолий Зенченко. Ишвара йога.
[13/146] OK JZny2r9kgIM (4453 chars, 256ev) | Ишвара йога. Анатолий Зенченко. О сильных и умных людях
[14/146] NO CAPTION -> whisper | О взаимосвязи причин и симптомов. Анатолий Зенченко.
[15/146] NO CAPTION -> whisper | Что такое асана? Анатолий Зенченко.
[16/146] OK cXc9_0zdUrk (4364 chars, 264ev) | Анатолий Зенченко о важности бандх в практике йоги
[17/146] NO CAPTION -> whisper | Йога: свобода, осознанность и ответственность. Анатолий Зенченко
[18/146] NO CAPTION -> whisper | Ответы на вопросы. Анатолий Зенченко. Методика Ишвара йога.
[19/146] NO CAPTION -> whisper | Ишвара йога. Анатолий Зенченко. Техника выполнения Бхастрики
[20/146] NO CAPTION -> whisper | Корневой замок. Мулабандха. Анатолий Зенченко
[21/146] NO CAPTION -> whisper | Йога - это гимнастика для мозга. Анатолий Зенченко.
[22/146] OK fboYkRxYSdQ (2892 chars, 212ev) | Ишвара йога. Анатолий Зенченко. О методике
[23/146] OK sdWBIyNKcOA (3839 chars, 228ev) | Ишвара йога. Анатолий Зенченко. Йога, как способ достижения целей в жизни
[24/146] NO CAPTION -> whisper | Принципы биомеханики в йоге. Анатолий Зенченко.
[25/146] NO CAPTION -> whisper | О влиянии физиологических особенностей в йоге. Анатолий Зенченко.
[26/146] OK gwXOrmp4niY (2440 chars, 202ev) | Ишвара йога. Анатолий Зенченко. О важности дыхания
[27/146] OK QFw_DkxPWRg (1874 chars, 32ev) | Ишвара йога. Анатолий Зенченко. Техника пошагового освоения Наули Крийя
[28/146] NO CAPTION -> whisper | Монолог о теле. Анатолий Зенченко.
[29/146] PLACEHOLDER (1ev) -> whisper | Анатолий Зенченко. Чемпионат мира по йоге 2004, Испания
[30/146] OK 0j54ZmDr5ek (2598 chars, 41ev) | Ишвара йога. Анатолий Зенченко. Как работает вакуумное втягивание - Уддияна бандха
[31/146] NO CAPTION -> whisper | О целостности в йоге. Анатолий Зенченко.
[32/146] NO CAPTION -> whisper | Всё связано со всем. Анатолий Зенченко.
[33/146] OK zpWM_uWmvKE (2495 chars, 194ev) | Ишвара йога. Анатолий Зенченко. Описание физиологических процессов во время дыхания
[34/146] NO CAPTION -> whisper | О задней поверхности бедра. Анатолий Зенченко.
[35/146] OK 3Yj9bjFIjIE (2772 chars, 186ev) | Ишвара йога. Анатолий Зенченко. О центре тела
[36/146] OK jsacYwX5064 (2839 chars, 164ev) | Ишвара йога. Анатолий Зенченко. Аспекты анатомии и физиологии в йоге. Связки и сухожилия
[37/146] OK 7MtGwoR9teM (3363 chars, 190ev) | Анатолий Зенченко. О методике Ишвара-йога. 5 часть
[38/146] OK odcbilS_Uis (1919 chars, 35ev) | Анатолий Зенченко - Ишвара йога. Первая Открытая Всероссийская Конференция по Йоге 2005.
[39/146] OK 3DSymE4TH_c (2912 chars, 166ev) | Анатолий Зенченко. Лекция о методике Ишвара-йога. 2 часть
[40/146] OK Ijip8EJdsvE (2482 chars, 152ev) | 2025-2026. Курс підготовки викладачів за методикою Анатолія Зенченко. Ішвара йога. Ishvara Yoga
[41/146] OK sbCf1fRCxEU (2879 chars, 188ev) | Ишвара-йога. Анатолий Зенченко. О стойке на голове и Йоге с большой буквы "Й".
[42/146] OK 1yKMPQ_ri74 (2495 chars, 144ev) | Ишвара-йога. Анатолий Зенченко. О больших поясничных мышцах.
[43/146] NO CAPTION -> whisper | Анатолий Зенченко. О методике Ишвара-йога. 3 часть
[44/146] OK OpFFQh04rJc (2296 chars, 142ev) | Ишвара йога. Анатолий Зенченко. Как работает йога или как устранить проблемы в практике mp4
[45/146] OK HcNmyaVZykA (2375 chars, 144ev) | Ишвара-йога. Анатолий Зенченко. О том, почему так важен тонус мышц.
[46/146] OK V0JlXWzi_ZY (1940 chars, 150ev) | Ишвара йога. Анатолий Зенченко. Правильное положение тела при дыхании
[47/146] OK VRZS1aZ3REA (1734 chars, 126ev) | Ишвара йога. Анатолий Зенченко. Физиология дыхания
[48/146] OK 45AHMiZ8SEU (2658 chars, 166ev) | Анатолий Зенченко. О методике Ишвара-йога. 1 часть
[49/146] OK TZe2hlkjzw8 (2004 chars, 34ev) | Ишвара йога. Анатолий Зенченко. Никогда не подворачивайте копчик или держите хвост пистолетом
[50/146] OK dqkzt6rvjLU (2112 chars, 126ev) | Ишвара-йога. Анатолий Зенченко. О том, как расширить зону комфорта, не покидая ее.
[51/146] OK ieCNo0ajq6Q (2268 chars, 136ev) | Ишвара йога. Анатолий Зенченко. О развитии мозга
[52/146] NO CAPTION -> whisper | Анатолий Зенченко. Основные техники йоги
[53/146] PLACEHOLDER (1ev) -> whisper | О мифах в йоге. Ишвара йога. Анатолий Зенченко.
[54/146] OK CrEPhnqbxyk (2057 chars, 124ev) | Ишвара-йога. Анатолий Зенченко. О внутренней симметрии (и асимметрии).
[55/146] OK c3vljvqqaCQ (1889 chars, 30ev) | Ишвара йога. Анатолий Зенченко. Техника выполнения Капалабхати
[56/146] NO CAPTION -> whisper | Ишвара-йога. Анатолий Зенченко. О шавасане и йоге-нидре.
[57/146] OK w52z9GlF3cg (1992 chars, 142ev) | Ишвара йога. Анатолий Зенченко. Нади Шодхана
[58/146] OK WvDbgcdLetU (1731 chars, 27ev) | Техника выполнения баддха конасаны - позы бабочки. Ишвара йога. Анатолий Зенченко.
[59/146] NO CAPTION -> whisper | Ишвара йога. Анатолий Зенченко. Техники «раскрытия» тазобедренных суставов
[60/146] PLACEHOLDER (1ev) -> whisper | Диафрагма. Анатолий Зенченко. Семинар выходного дня в Киеве.
[61/146] PLACEHOLDER (1ev) -> whisper | Анатолий Зенченко. Позвоночник - основа внутренней целостности.
[62/146] OK KDEWDrfOYN0 (2384 chars, 36ev) | Анатолий Зенченко. Семинар выходного дня в Киеве. Мула Бандха.
[63/146] PLACEHOLDER (1ev) -> whisper | Отстройка ширшасаны от Анатолия Зенченко
[64/146] OK muIsH9RCZ5s (1745 chars, 106ev) | Ишвара йога. Анатолий Зенченко. О сознании и подсознании
[65/146] PLACEHOLDER (1ev) -> whisper | Мула бандха. Анатолий Зенченко. Семинар выходного дня в Киеве.
[66/146] OK Xl6RXqb8-n8 (1337 chars, 124ev) | Ишвара йога. Анатолий Зенченко. Зависимость газообмена в легких от наличия жиров
[67/146] PLACEHOLDER (1ev) -> whisper | О приводящих мышцах бёдер. Анатолий Зенченко. Семинар выходного дня в Киеве.
[68/146] PLACEHOLDER (1ev) -> whisper | Джаландхара Бандха. Анатолий Зенченко. Семинар выходного дня в Киеве.
[69/146] OK 27Z4YnO9u18 (2254 chars, 134ev) | Пашчимоттанасана. Асана недели. Техника выполнения от Анатолия Зенченко.
[70/146] OK 9vFAk9PdDvk (1599 chars, 96ev) | Ишвара-йога. Анатолий Зенченко. Йога внутренней целостности.
[71/146] OK pUMwJfrewck (1945 chars, 114ev) | Ишвара йога. Анатолий Зенченко. Как йога работает с эмоциональными блоками
[72/146] OK gFcmatCA4qg (1490 chars, 108ev) | Ишвара йога. Анатолий Зенченко. Йога как она есть. Правда без иллюзий
[73/146] NO CAPTION -> whisper | Тело: ключи к работе с телом в практике асан. Анатолий Зенченко
[74/146] OK w5bbsdLztJI (1627 chars, 92ev) | Ишвара-йога. Анатолий Зенченко. О работе мускулатуры тела.
[75/146] NO CAPTION -> whisper | Ширшасана. Стойка на голове. Анатолий Зенченко
[76/146] OK 9sxnju4tUTo (1900 chars, 136ev) | Анатолий Зенченко. О методике Ишвара-йога. 4 часть
[77/146] OK ByxeO69sors (1868 chars, 108ev) | Ишвара йога. Анатолий Зенченко. Объяснение сути методики Ишвара йога
[78/146] OK 7q2jOmwGamE (1822 chars, 122ev) | Анатолий Зенченко. Понятие центра.
[79/146] OK ReA6rUiIGN4 (1410 chars, 86ev) | Ішвара йога. Анатолій Зенченко. Важливість внутрішніх м'язів тіла на прикладі діафрагми
[80/146] OK 7RLkpl68m-s (1840 chars, 108ev) | Ишвара-йога. Анатолий Зенченко. О бандхах.
[81/146] PLACEHOLDER (1ev) -> whisper | Анатолий Зенченко. Казантип. Сурья намаскар
[82/146] OK sFxN4rw-OEc (1750 chars, 124ev) | Анатолий Зенченко. О внутренней целостности
[83/146] OK Dy6ekaOH4bU (1871 chars, 124ev) | Анатолий Зенченко. Ишвара-йога - йога внутренней целостности
[84/146] NO CAPTION -> whisper | Пупок: работа с мышцами живота. Анатолий Зенченко
[85/146] OK w7SwNh4VOA8 (1344 chars, 23ev) | Работа с животом. Анатолий Зенченко. Семинар в Индии 2017
[86/146] PLACEHOLDER (1ev) -> whisper | Что такое асана? Анатолий Зенченко. Семинар выходного дня в Киеве.
[87/146] NO CAPTION -> whisper | Про растягивания и вытягивания. Анатолий Зенченко.
[88/146] PLACEHOLDER (1ev) -> whisper | Как йога меняет жизнь. Анатолий Зенченко. Семинар выходного дня в Киеве.
[89/146] OK hLTa19waYIY (1280 chars, 82ev) | Анатолий Зенченко. Почему не получаются асаны.
[90/146] OK _5mOrZzJjUM (1353 chars, 20ev) | Ишвара йога. Анатолий Зенченко. Поперечный шпагат. Секреты освоения. Мифы и реальность
[91/146] OK FzaqWrh_pNg (1527 chars, 24ev) | Анатолий Зенченко - Как быть счастливым с помощью йоги.
[92/146] OK 9z9Iqovilrk (1352 chars, 84ev) | Ишвара-йога. Анатолий Зенченко. О постоянном движении.
[93/146] OK ucXL4F_E1es (1119 chars, 68ev) | Ишвара йога. Анатолий Зенченко. Секреты правильного выполнения Наули
[94/146] NO CAPTION -> whisper | Дафрагма:  значение и функции в работе с телом. Анатолий Зенченко
[95/146] OK QAfSOG9W8QY (1339 chars, 80ev) | Ишвара-йога. Анатолий Зенченко. О многообразии методик йоги.
[96/146] OK Q8GZLk6FTV0 (1474 chars, 94ev) | Анатолий Зенченко. Два способа взаимодействия с телом
[97/146] OK ISkLPPl3QvU (1451 chars, 90ev) | Ишвара йога. Анатолий Зенченко. Анатомия и физиология йоги. Мышцы и кожа
[98/146] NO CAPTION -> whisper | Анатолий Зенченко о дошах!
[99/146] OK 7yR4Gh7qklc (1522 chars, 98ev) | Работа в поперечном шпагате. Анатолий Зенченко.
[100/146] OK TUlnzmBb_x4 (1348 chars, 84ev) | Анатолий Зенченко. Задняя часть диафрагмы.
[101/146] NO CAPTION -> whisper | Сарвангасана. Анатолий Зенченко. Ишвара Йога.
[102/146] OK YJnQ_B9nQM8 (1264 chars, 88ev) | Как создать целостность любого сустава. Анатолий Зенченко.
[103/146] OK dDYghPgmcd8 (1261 chars, 74ev) | Ишвара-йога. Анатолий Зенченко. О правильной работе ног.
[104/146] OK SrOfhlnIXeU (1245 chars, 84ev) | Ишвара-йога. Анатолий Зенченко. О том, как правильно скручиваться.
[105/146] OK n1FKsJ_kPlE (722 chars, 52ev) | Ишвара йога. Анатолий Зенченко. Как работает Агнисара Дхаути
[106/146] OK jOnz90XMTbU (1312 chars, 78ev) | Анатолий Зенченко. Критерий правильности выполнения асан.
[107/146] NO CAPTION -> whisper | Анатолий Зенченко о целостности
[108/146] OK aY-DrQE32Go (1181 chars, 84ev) | Работа с суставами. Анатолий Зенченко.
[109/146] OK nD8ke6xEN5M (1078 chars, 66ev) | Мышцы кора. Анатолий Зенченко.
[110/146] NO CAPTION -> whisper | Асаны без боли. Анатолий Зенченко
[111/146] OK eua3wtCka4A (1047 chars, 70ev) | Взаимодействие сознания и подсознания. Анатолий Зенченко.
[112/146] OK 6zu-eASM6lc (1058 chars, 68ev) | Пашчимоттанасана. Анатолий Зенченко.
[113/146] OK lUD60Q8DPzg (978 chars, 58ev) | Ишвара-йога. Анатолий Зенченко. О том, как не надо выпрямлять спину.
[114/146] NO CAPTION -> whisper | Халасана. Поза плуга. Анатолий Зенченко
[115/146] NO CAPTION -> whisper | Анатолий Зенченко. О принципах Ишвара йоги.
[116/146] OK 7i3SM2g1etM (941 chars, 58ev) | Ишвара йога. Анатолий Зенченко. О целостности.
[117/146] NO CAPTION -> whisper | Паривритта Триконасана. Анатолий Зенченко.
[118/146] NO CAPTION -> whisper | Анатолий Зенченко, второй критерий целостности
[119/146] OK wysL2kh_2w4 (1274 chars, 70ev) | Анатолий Зенченко. О раскрытии суставов
[120/146] OK nJCb4Zma3Xk (609 chars, 58ev) | Ишвара йога. Анатолий Зенченко. О Бхастрике
[121/146] OK AP8j26FAYaw (751 chars, 62ev) | Ишвара йога. Анатолий Зенченко. О Вилома-пранаяме
[122/146] OK QMTNYmNRTXs (915 chars, 52ev) | Ишвара йога. Анатолий Зенченко. Как устранить проблемы в практике
[123/146] NO CAPTION -> whisper | Зенченко Новогодний семинар в Индии 2016-2017
[124/146] NO CAPTION -> whisper | Анатолий Зенченко. Связка асан
[125/146] NO CAPTION -> whisper | Уддияна бандха.О состоянии собранности в теле. Анатолий Зенченко. Семинар выходного дня в Киеве.
[126/146] OK PSEKs72BJE4 (861 chars, 48ev) | Ишвара йога. Анатолий Зенченко. В йоге нет силовых асан
[127/146] OK iBksCvce6Mo (1057 chars, 68ev) | Критерий собранности суставов или как подпрыгнуть в Вирасане. Анатолий Зенченко.
[128/146] OK 9rFoumNIGM8 (1028 chars, 62ev) | Анатолий Зенченко. Включить большие поясничные мышцы.
[129/146] NO CAPTION -> whisper | 20/05 Интенсив 3 уровня с Анатолием Зенченко. Рекомендации к практике.
[130/146] PLACEHOLDER (1ev) -> whisper | О побочных эффектах йоги. Изменение состояния сознания. Анатолий Зенченко.
[131/146] OK JQibP_Nh0cc (618 chars, 48ev) | Ишвара йога. Анатолий Зенченко. Длиное дыхание продлевает жизнь
[132/146] OK rdCdCvjsd4c (927 chars, 54ev) | Как дышать в асанах? Анатолий Зенченко. Ишвара йога.
[133/146] OK xqOxpz7tTYU (426 chars, 26ev) | Секреты освоения Прасарита Падоттанасаны. Анатолий Зенченко.
[134/146] OK n6-n2VpK1Po (746 chars, 11ev) | Йога тур в Индию с Анатолием Зенченко на Новый год!
[135/146] PLACEHOLDER (1ev) -> whisper | Анатолий Зенченко. Семинар под Киевом. Нужно ли напрягать ягодицы делая прогиб назад
[136/146] PLACEHOLDER (1ev) -> whisper | Техника входа в падмасану (позу лотоса). Анатолий Зенченко. Ишвара йога.
[137/146] PLACEHOLDER (1ev) -> whisper | О роли диафрагмы. Анатолий Зенченко. Методика Ишвара йога.
[138/146] NO CAPTION -> whisper | Адхо Мукха Шванасана. Собака мордой вниз. Анатолий Зенченко.
[139/146] OK FNcfgXeAYBc (723 chars, 44ev) | Анатолий Зенченко о семинаре "Биомеханика асан
[140/146] OK f7Y6Ch6iSL0 (435 chars, 38ev) | Ишвара йога. Анатолий Зенченко. О пользе Сурьи Бхедана
[141/146] PLACEHOLDER (1ev) -> whisper | Вакуумное втягивание живота. Анатолий Зенченко. Казантип.
[142/146] OK 5z6jwBqhUK4 (252 chars, 28ev) | Анатолий Зенченко - методика Ишвара Йога. Класс 1/ Часть 4
[143/146] PLACEHOLDER (1ev) -> whisper | Анатолий Зенченко. Семинар под Киевом
[144/146] OK Y4PoxkI7EIE (456 chars, 36ev) | Анатолий Зенченко о йога-семинаре в Греции 5-16 сентября 2020 г.
[145/146] PLACEHOLDER (1ev) -> whisper | Online-практика с Анатолием Зенченко. Ишвара йога.
[146/146] PLACEHOLDER (1ev) -> whisper | Освоение бакасаны с Анатолием Зенченко.

DONE  captions=86 cached=0 whisper_needed=60 failed=0
