Fetching 4 files:   0%|          | 0/4 [00:00<?, ?it/s]Fetching 4 files: 100%|██████████| 4/4 [00:00<00:00, 2645.41it/s]
[1/60] OK tepHKgw3Z1o (25897 chars) | Анатолий Зенченко - методика Ишвара Йога. Класс 1/ Часть 3
[2/60] NO AUDIO ZYPuO3wGbbM | Подвздошно поясничная мышца. Подробный разбор. Анатолий Зенченко
[3/60] OK 0PAOVZBaVks (9215 chars) | Анатолий Зенченко. Семинар под Киевом. Зачем нужны базовые асаны и что такое джаландхара бандха.
[4/60] OK 9FEC1DsnYnQ (9353 chars) | Анатолий Зенченко. Open Air 2015. Киев. Практика
[5/60] OK IvR3_KQ7OH8 (7247 chars) | Анатолий Зенченко. Open Air 2015. Киев. Теория
[6/60] OK qnQ1T-BApYI (4483 chars) | Ішвара йога. Анатолій Зенченко. Основи йоги.  Питання для початківця
[7/60] OK ahQTg3Xtsew (4274 chars) | О взаимосвязи причин и симптомов. Анатолий Зенченко.
[8/60] OK U6Lbn4eWjGI (4385 chars) | Что такое асана? Анатолий Зенченко.
[9/60] OK 1nC0h9DnG88 (5375 chars) | Йога: свобода, осознанность и ответственность. Анатолий Зенченко
[10/60] OK Q7Fw7T3cld4 (4937 chars) | Ответы на вопросы. Анатолий Зенченко. Методика Ишвара йога.
[11/60] OK s1gGzn93CF4 (2807 chars) | Ишвара йога. Анатолий Зенченко. Техника выполнения Бхастрики
[12/60] OK r3VdFEfNMoc (3389 chars) | Корневой замок. Мулабандха. Анатолий Зенченко
[13/60] NO AUDIO eZoSUAdID94 | Йога - это гимнастика для мозга. Анатолий Зенченко.
[14/60] OK Nb5I5QQmm-U (3694 chars) | Принципы биомеханики в йоге. Анатолий Зенченко.
[15/60] OK 6Arnsa6Gqno (4379 chars) | О влиянии физиологических особенностей в йоге. Анатолий Зенченко.
[16/60] OK jT6UPZJmB3c (3768 chars) | Монолог о теле. Анатолий Зенченко.
[17/60] OK Jo4wdow1U80 (308 chars) | Анатолий Зенченко. Чемпионат мира по йоге 2004, Испания
[18/60] OK k-0ozYZMIs4 (2945 chars) | О целостности в йоге. Анатолий Зенченко.
[19/60] OK lxX2xf000KQ (2919 chars) | Всё связано со всем. Анатолий Зенченко.
[20/60] OK 8k2j4TCYPpg (2807 chars) | О задней поверхности бедра. Анатолий Зенченко.
[21/60] OK SyHJ8IGXjhY (2696 chars) | Анатолий Зенченко. О методике Ишвара-йога. 3 часть
[22/60] OK ECHcIwMzRoo (2103 chars) | Анатолий Зенченко. Основные техники йоги
[23/60] OK 2hV8UtBOZd8 (2051 chars) | О мифах в йоге. Ишвара йога. Анатолий Зенченко.
[24/60] OK zwL7Yd24Kjw (2124 chars) | Ишвара-йога. Анатолий Зенченко. О шавасане и йоге-нидре.
[25/60] OK XXU_dfd2MaE (2537 chars) | Ишвара йога. Анатолий Зенченко. Техники «раскрытия» тазобедренных суставов
[26/60] OK gLtNIJoYxFM (1672 chars) | Диафрагма. Анатолий Зенченко. Семинар выходного дня в Киеве.
[27/60] OK AQZnN__9s2M (2083 chars) | Анатолий Зенченко. Позвоночник - основа внутренней целостности.
[28/60] OK Cwd2jlxrlFc (1865 chars) | Отстройка ширшасаны от Анатолия Зенченко
[29/60] NO AUDIO 1l7eXUbQS3s | Мула бандха. Анатолий Зенченко. Семинар выходного дня в Киеве.
[30/60] OK sWgTmL9zOys (1963 chars) | О приводящих мышцах бёдер. Анатолий Зенченко. Семинар выходного дня в Киеве.
[31/60] OK TVEmjHOSrIQ (2526 chars) | Джаландхара Бандха. Анатолий Зенченко. Семинар выходного дня в Киеве.
[32/60] OK UzqIGM0LX9o (3007 chars) | Тело: ключи к работе с телом в практике асан. Анатолий Зенченко
[33/60] OK LhafaxG-wGc (2094 chars) | Ширшасана. Стойка на голове. Анатолий Зенченко
[34/60] OK FrnFCQNLoVM (1040 chars) | Анатолий Зенченко. Казантип. Сурья намаскар
[35/60] OK 8kLeDGqAyAM (2077 chars) | Пупок: работа с мышцами живота. Анатолий Зенченко
[36/60] OK XgojK33gPd8 (1208 chars) | Что такое асана? Анатолий Зенченко. Семинар выходного дня в Киеве.
[37/60] OK AeWqyLCHs3w (1211 chars) | Про растягивания и вытягивания. Анатолий Зенченко.
[38/60] OK YuyusTBfRws (1800 chars) | Как йога меняет жизнь. Анатолий Зенченко. Семинар выходного дня в Киеве.
[39/60] OK inzPNHHHYKM (1935 chars) | Дафрагма:  значение и функции в работе с телом. Анатолий Зенченко
[40/60] OK s1o3QGCMzbM (946 chars) | Анатолий Зенченко о дошах!
[41/60] OK dGJVBoL0MnQ (884 chars) | Сарвангасана. Анатолий Зенченко. Ишвара Йога.
[42/60] OK vP5vaRj6sGU (1298 chars) | Анатолий Зенченко о целостности
[43/60] OK 0Dq4sK-FSCs (1229 chars) | Асаны без боли. Анатолий Зенченко
[44/60] OK W6842H0ztRM (1191 chars) | Халасана. Поза плуга. Анатолий Зенченко
[45/60] OK SW4fuQB8Vf0 (580 chars) | Анатолий Зенченко. О принципах Ишвара йоги.
[46/60] OK c6KZl4A-6ZA (1262 chars) | Паривритта Триконасана. Анатолий Зенченко.
[47/60] OK qPPXo27sCEQ (959 chars) | Анатолий Зенченко, второй критерий целостности
[48/60] OK wteQXnc-OP0 (1172 chars) | Зенченко Новогодний семинар в Индии 2016-2017
[49/60] TOO-SHORT wyTzmaAhr1I (82c) | Анатолий Зенченко. Связка асан
[50/60] OK 8HfDsD8mpyM (1694 chars) | Уддияна бандха.О состоянии собранности в теле. Анатолий Зенченко. Семинар выходного дня в Киеве.
[51/60] OK CTF1ATG5mSI (1583 chars) | 20/05 Интенсив 3 уровня с Анатолием Зенченко. Рекомендации к практике.
[52/60] OK mqnwN-SL8_k (897 chars) | О побочных эффектах йоги. Изменение состояния сознания. Анатолий Зенченко.
[53/60] OK cbljBbENirA (1240 chars) | Анатолий Зенченко. Семинар под Киевом. Нужно ли напрягать ягодицы делая прогиб назад
[54/60] OK ROj3mjjnIn8 (761 chars) | Техника входа в падмасану (позу лотоса). Анатолий Зенченко. Ишвара йога.
[55/60] OK 1b8dbdvbVXw (949 chars) | О роли диафрагмы. Анатолий Зенченко. Методика Ишвара йога.
[56/60] OK XJUb3iHqOQc (782 chars) | Адхо Мукха Шванасана. Собака мордой вниз. Анатолий Зенченко.
[57/60] OK E0NRNPlC0h4 (313 chars) | Вакуумное втягивание живота. Анатолий Зенченко. Казантип.
[58/60] OK q19NhM4kltI (473 chars) | Анатолий Зенченко. Семинар под Киевом
[59/60] OK vHGHHLBW5sA (505 chars) | Online-практика с Анатолием Зенченко. Ишвара йога.
[60/60] OK xIlsmvrjtFg (484 chars) | Освоение бакасаны с Анатолием Зенченко.

WHISPER DONE  transcribed=56 cached=0 failed=4
